***** External Functions *****
1    AddFontRegistrationToLog                           isrt.obl(Misc.obs)
2    AppSearch                                          isrt.obl(Driver.obs)
3    CCPSearch                                          isrt.obl(Driver.obs)
4    ChangeDirectory                                    isrt.obl(Files.obs)
5    CloseFile                                          isrt.obl(Files.obs)
6    CmdGetHwndDlg                                      isrt.obl(CustomDialog.obs)
7    CoCreateObject                                     isrt.obl(Misc.obs)
8    ComponentAddFileToLog                              isrt.obl(component.obs)
9    ComponentCompareSizeRequired                       isrt.obl(component.obs)
10   ComponentGetData                                   isrt.obl(component.obs)
11   ComponentGetTotalCost                              isrt.obl(component.obs)
12   ComponentIsItemSelected                            isrt.obl(component.obs)
13   ComponentListItems                                 isrt.obl(component.obs)
14   ComponentSelectItem                                isrt.obl(component.obs)
15   ComponentTreeInit                                  isrt.obl(Dialogs.obs)
16   CreateDir                                          isrt.obl(Files.obs)
17   CreateFile                                         isrt.obl(Files.obs)
18   CreateInstallationInfo                             isrt.obl(Registry.obs)
19   CreateObject                                       isrt.obl(Misc.obs)
20   CreateRegistrySet                                  isrt.obl(Feature.obs)
21   CtrlGetDlgItem                                     isrt.obl(CustomDialog.obs)
22   CtrlGetNotificationCode                            isrt.obl(CustomDialog.obs)
23   CtrlGetState                                       isrt.obl(CustomDialog.obs)
24   CtrlGetSubCommand                                  isrt.obl(CustomDialog.obs)
25   CtrlGetText                                        isrt.obl(CustomDialog.obs)
26   CtrlSelectText                                     isrt.obl(CustomDialog.obs)
27   CtrlSetState                                       isrt.obl(CustomDialog.obs)
28   CtrlSetText                                        isrt.obl(CustomDialog.obs)
29   DIFxDriverPackageUninstall                         isrt.obl(ISDIFx.obs)
30   DRMINSTALLERPRO.DRMInstallPRO                      isrt.obl(Activation.obs)
31   DRMINSTALLERPRO.DRMUnInstallPRO                    isrt.obl(Activation.obs)
32   DefineDialog                                       isrt.obl(CustomDialog.obs)
33   Delay                                              isrt.obl(Misc.obs)
34   DeleteFile                                         isrt.obl(Files.obs)
35   DeleteSingleFile                                   isrt.obl(Files.obs)
36   DialogSetDefaultFont                               isrt.obl(Dialogs.obs)
37   DialogSetFont                                      isrt.obl(Dialogs.obs)
38   DialogSetInfo                                      isrt.obl(Dialogs.obs)
39   Disable                                            isrt.obl(Enable.obs)
40   DllSizeOf                                          isrt.obl(Str.obs)
41   Do                                                 isrt.obl(Misc.obs)
42   Enable                                             isrt.obl(Enable.obs)
43   EndCurrentDialog                                   isrt.obl(Dialogs.obs)
44   EndDialog                                          isrt.obl(CustomDialog.obs)
45   EnterDisk                                          isrt.obl(ISRTScriptDialogs.obs)
46   EnterDiskError                                     isrt.obl(ISRTScriptDialogs.obs)
47   EnterPassword                                      isrt.obl(ISRTScriptDialogs.obs)
48   ExistsDir                                          isrt.obl(Files.obs)
49   ExistsDisk                                         isrt.obl(Files.obs)
50   ExitInstall                                        isrt.obl(Driver.obs)
51   EzDefineDialog                                     isrt.obl(CustomDialog.obs)
52   FeatureAddFileToLog                                isrt.obl(Feature.obs)
53   FeatureCompareSizeRequired                         isrt.obl(Feature.obs)
54   FeatureConfigureFeaturesFromSuite                  isrt.obl(Feature.obs)
55   FeatureErrorInfo                                   isrt.obl(Feature.obs)
56   FeatureFilterLanguage                              isrt.obl(Feature.obs)
57   FeatureFilterOS                                    isrt.obl(Feature.obs)
58   FeatureGetData                                     isrt.obl(Feature.obs)
59   FeatureGetTotalCost                                isrt.obl(Feature.obs)
60   FeatureIsItemSelected                              isrt.obl(Feature.obs)
61   FeatureListItems                                   isrt.obl(Feature.obs)
62   FeaturePatch                                       isrt.obl(Feature.obs)
63   FeatureReinstall                                   isrt.obl(Feature.obs)
64   FeatureRemoveAllInLogOnly                          isrt.obl(Feature.obs)
65   FeatureRemoveAllInMedia                            isrt.obl(Feature.obs)
66   FeatureRemoveAllInMediaAndLog                      isrt.obl(Feature.obs)
67   FeatureSaveTarget                                  isrt.obl(Feature.obs)
68   FeatureSelectItem                                  isrt.obl(Feature.obs)
69   FeatureSelectNew                                   isrt.obl(Feature.obs)
70   FeatureTransferData                                isrt.obl(Feature.obs)
71   FeatureUpdate                                      isrt.obl(Feature.obs)
72   FeatureValidate                                    isrt.obl(Feature.obs)
73   FinalConstruct                                     ifx.obl(EventsPriv.obs)
74   FinalRelease                                       ifx.obl(EventsPriv.obs)
75   FindFile                                           isrt.obl(Files.obs)
76   FormatMessage                                      isrt.obl(Misc.obs)
77   GDI32.AddFontResource                              Setup.obs
78   GDI32.CreateRectRgn                                Setup.obs
79   GDI32.GetDeviceCaps                                Setup.obs
80   GDI32.RemoveFontResource                           Setup.obs
81   GetAddRemove                                       isrt.obl(SysVars.obs)
82   GetBillboard                                       isrt.obl(SysVars.obs)
83   GetCmdLine                                         isrt.obl(SysVars.obs)
84   GetCurrentDialogName                               isrt.obl(Dialogs.obs)
85   GetCurrentDir                                      isrt.obl(Files.obs)
86   GetDialogTitle                                     isrt.obl(Dialogs.obs)
87   GetDir                                             isrt.obl(Str.obs)
88   GetDisk                                            isrt.obl(Str.obs)
89   GetDiskSpace                                       isrt.obl(GSI.obs)
90   GetDiskSpaceEx                                     isrt.obl(GSI.obs)
91   GetEnabledIServices                                isrt.obl(SysVars.obs)
92   GetErrorMsg                                        isrt.obl(Dialogs.obs)
93   GetErrorTitle                                      isrt.obl(Dialogs.obs)
94   GetExtents                                         isrt.obl(GSI.obs)
95   GetFolderApplications                              isrt.obl(SysVars.obs)
96   GetFolderApplications64                            isrt.obl(SysVars.obs)
97   GetFolderDotNet10                                  isrt.obl(SysVars.obs)
98   GetFolderDotNet11                                  isrt.obl(SysVars.obs)
99   GetFolderDotNet20                                  isrt.obl(SysVars.obs)
100  GetFolderFonts                                     isrt.obl(SysVars.obs)
101  GetISRes                                           isrt.obl(SysVars.obs)
102  GetInstallScriptMSI                                isrt.obl(SysVars.obs)
103  GetInstanceGUID                                    isrt.obl(SysVars.obs)
104  GetKeyPathWinCurrVerAuto                           isrt.obl(SysVars.obs)
105  GetLog                                             isrt.obl(SysVars.obs)
106  GetLogEx                                           isrt.obl(SysVars.obs)
107  GetMaintOption                                     isrt.obl(SysVars.obs)
108  GetMaintenance                                     isrt.obl(SysVars.obs)
109  GetMultiInstanceCount                              isrt.obl(SysVars.obs)
110  GetOpenFileMode                                    isrt.obl(Files.obs)
111  GetPackageLocation                                 isrt.obl(SysVars.obs)
112  GetProductGUID                                     isrt.obl(SysVars.obs)
113  GetProfSectionKeyCount                             isrt.obl(Profile.obs)
114  GetProfString                                      isrt.obl(Profile.obs)
115  GetProfStringList                                  isrt.obl(Profile.obs)
116  GetProgramFiles                                    isrt.obl(SysVars.obs)
117  GetReinstallMode                                   isrt.obl(SysVars.obs)
118  GetRemoveAllMode                                   isrt.obl(SysVars.obs)
119  GetRemoveOnly                                      isrt.obl(SysVars.obs)
120  GetSelectedTreeComponent                           isrt.obl(CmptView.obs)
121  GetShowPasswordDialog                              isrt.obl(SysVars.obs)
122  GetStandardSelectedLanguage                        isrt.obl(SysVars.obs)
123  GetSuiteHosted                                     isrt.obl(SysVars.obs)
124  GetSupportDir                                      isrt.obl(SysVars.obs)
125  GetSystemInfo                                      isrt.obl(GSI.obs)
126  GetTempFolder                                      isrt.obl(SysVars.obs)
127  GetTrueTypeFontFileInfo                            isrt.obl(Misc.obs)
128  GetUserSelectableAuto                              isrt.obl(SysVars.obs)
129  GetWinDir                                          isrt.obl(SysVars.obs)
130  GetWinSysDir                                       isrt.obl(SysVars.obs)
131  GetWindowHandle                                    isrt.obl(Misc.obs)
132  HIWORD                                             isrt.obl(Misc.obs)
133  ISDeterminePlatform                                isrt.obl(OsInfo.obs)
134  ISFlashPlayer_Installed                            Setup.obs
135  ISFlashPlayer_Installing                           Setup.obs
136  ISMIF32.InstallStatusMIF                           isrt.obl(MIF.obs)
137  ISRT.ComponentViewSetInfoEx                        isrt.obl(Dialogs.obs)
138  ISRT.EnableHourGlass                               isrt.obl(Enable.obs)
139  ISRT.GetCPUType                                    isrt.obl(GSI.obs)
140  ISRT.GetFontSub                                    isrt.obl(Dialogs.obs)
141  ISRT.GetHandle                                     Setup.obs
142  ISRT.GetPorts                                      isrt.obl(GSI.obs)
143  ISRT.IsEmpty                                       Setup.obs
144  ISRT.IsNTAdmin                                     isrt.obl(Is.obs)
145  ISRT.IsObject                                      Setup.obs
146  ISRT.IsPowerUser                                   isrt.obl(Is.obs)
147  ISRT.LangLoadString                                isrt.obl(SDINT.obs)
148  ISRT.MessageBeepP                                  Setup.obs
149  ISRT.PathGetDir                                    isrt.obl(Str.obs)
150  ISRT.PathGetDrive                                  isrt.obl(Str.obs)
151  ISRT.PathGetFile                                   isrt.obl(Files.obs)
152  ISRT.PathGetFileExt                                isrt.obl(Str.obs)
153  ISRT.PathGetFileName                               isrt.obl(Str.obs)
154  ISRT.PathGetLongFromShort                          isrt.obl(Str.obs)
155  ISRT.PathGetPath                                   isrt.obl(Str.obs)
156  ISRT.PathIsValidSyntax                             isrt.obl(Is.obs)
157  ISRT.VerGetFileVersion                             Setup.obs
158  ISRT._AppSearch                                    Setup.obs
159  ISRT._BrowseForFolder                              isrt.obl(ISRTScriptDialogsPriv.obs)
160  ISRT._CCPSearch                                    Setup.obs
161  ISRT._CleanupInet                                  isrt.obl(MIO.obs)
162  ISRT._CloseFile                                    isrt.obl(Files.obs)
163  ISRT._CmdGetHwndDlg                                isrt.obl(CustomDialog.obs)
164  ISRT._CompareDWORD                                 isrt.obl(Extend.obs)
165  ISRT._ComponentCompareSizeRequired                 isrt.obl(Feature.obs)
166  ISRT._ComponentErrorInfo                           isrt.obl(Feature.obs)
167  ISRT._ComponentFilterLanguage                      isrt.obl(Feature.obs)
168  ISRT._ComponentFilterOS                            isrt.obl(Feature.obs)
169  ISRT._ComponentGetData                             isrt.obl(Feature.obs)
170  ISRT._ComponentGetTotalCost                        isrt.obl(Feature.obs)
171  ISRT._ComponentGetTotalCostEx                      Setup.obs
172  ISRT._ComponentIsItemSelected                      isrt.obl(Feature.obs)
173  ISRT._ComponentListItems                           isrt.obl(Feature.obs)
174  ISRT._ComponentPatch                               isrt.obl(Feature.obs)
175  ISRT._ComponentReinstall                           isrt.obl(Feature.obs)
176  ISRT._ComponentRemoveAll                           isrt.obl(Feature.obs)
177  ISRT._ComponentRemoveAllInLogOnly                  isrt.obl(Feature.obs)
178  ISRT._ComponentSaveTarget                          isrt.obl(Feature.obs)
179  ISRT._ComponentSelectItem                          isrt.obl(Feature.obs)
180  ISRT._ComponentSelectNew                           isrt.obl(Feature.obs)
181  ISRT._ComponentTransferData                        isrt.obl(Feature.obs)
182  ISRT._ComponentUpdate                              isrt.obl(Feature.obs)
183  ISRT._ComponentValidate                            isrt.obl(Feature.obs)
184  ISRT._CreateDir                                    isrt.obl(Files.obs)
185  ISRT._CreateObject                                 isrt.obl(Misc.obs)
186  ISRT._CreateRegistrySet                            isrt.obl(Feature.obs)
187  ISRT._CtrlGetNotificationCode                      isrt.obl(CustomDialog.obs)
188  ISRT._CtrlGetSubCommand                            isrt.obl(CustomDialog.obs)
189  ISRT._CtrlSetHtmlContent                           isrt.obl(CustomDialog.obs)
190  ISRT._DIFxDriverPackageUninstall                   isrt.obl(ISDIFx.obs)
191  ISRT._DefineDialog                                 isrt.obl(CustomDialog.obs)
192  ISRT._DialogSetFont                                isrt.obl(Dialogs.obs)
193  ISRT._DisableStatus                                isrt.obl(Enable.obs)
194  ISRT._DoSprintf                                    isrt.obl(ISRTScriptDialogsPriv.obs)
195  ISRT._EnableDialogCache                            isrt.obl(Enable.obs)
196  ISRT._EnablePrevDialog                             Setup.obs
197  ISRT._EnableSkins                                  isrt.obl(Enable.obs)
198  ISRT._EnableStatus                                 isrt.obl(Enable.obs)
199  ISRT._EnableWow64FsRedirection                     isrt.obl(Enable.obs)
200  ISRT._EndDialog                                    isrt.obl(CustomDialog.obs)
201  ISRT._ExistsDir                                    isrt.obl(Files.obs)
202  ISRT._ExistsDisk                                   isrt.obl(Files.obs)
203  ISRT._ExistsFile                                   isrt.obl(Files.obs)
204  ISRT._ExitInstall                                  Setup.obs
205  ISRT._GetCurrentDialogName                         isrt.obl(Dialogs.obs)
206  ISRT._GetDiskSpaceEx                               isrt.obl(GSI.obs)
207  ISRT._GetDiskSpaceExEx                             Setup.obs
208  ISRT._GetGlobalFlags                               ifx.obl(EventsPriv.obs)
209  ISRT._GetGlobalMemorySize                          isrt.obl(GSI.obs)
210  ISRT._GetProcessorInfo                             isrt.obl(OsInfo.obs)
211  ISRT._GetRunningChildProcessEx2                    isrt.obl(Extend.obs)
212  ISRT._GetSelectedTreeComponent                     isrt.obl(CmptView.obs)
213  ISRT._GetStandardLangId                            isrt.obl(Misc.obs)
214  ISRT._GetSupportDir                                isrt.obl(SysVars.obs)
215  ISRT._GetSystemDpi                                 isrt.obl(GSI.obs)
216  ISRT._GetTrueTypeFontFileInfo                      isrt.obl(Misc.obs)
217  ISRT._GetVirtualMachineType                        isrt.obl(GSI.obs)
218  ISRT._InetEndofTransfer                            isrt.obl(iftw.obs)
219  ISRT._InetGetNextDisk                              isrt.obl(iftw.obs)
220  ISRT._InitInstall                                  Setup.obs
221  ISRT._IsFontTypefaceNameAvailable                  isrt.obl(Is.obs)
222  ISRT._IsInAdminGroup                               isrt.obl(Is.obs)
223  ISRT._IsLangSupported                              isrt.obl(Is.obs)
224  ISRT._IsSkinLoaded                                 isrt.obl(Is.obs)
225  ISRT._IsVirtualMachine                             isrt.obl(OsInfo.obs)
226  ISRT._IsWindowsME                                  isrt.obl(GSI.obs)
227  ISRT._IsWow64                                      isrt.obl(OsInfo.obs)
228  ISRT._ListAddItem                                  isrt.obl(scrlist.obs)
229  ISRT._ListAddString                                isrt.obl(scrlist.obs)
230  ISRT._ListCount                                    isrt.obl(scrlist.obs)
231  ISRT._ListCreate                                   isrt.obl(scrlist.obs)
232  ISRT._ListCurrentString                            isrt.obl(scrlist.obs)
233  ISRT._ListDeleteItem                               isrt.obl(scrlist.obs)
234  ISRT._ListDeleteString                             isrt.obl(scrlist.obs)
235  ISRT._ListDestroy                                  isrt.obl(scrlist.obs)
236  ISRT._ListFindString                               isrt.obl(scrlist.obs)
237  ISRT._ListGetFirstItem                             isrt.obl(scrlist.obs)
238  ISRT._ListGetFirstString                           isrt.obl(scrlist.obs)
239  ISRT._ListGetNextItem                              isrt.obl(scrlist.obs)
240  ISRT._ListGetNextString                            isrt.obl(scrlist.obs)
241  ISRT._ListGetType                                  isrt.obl(scrlist.obs)
242  ISRT._ListSetIndex                                 isrt.obl(scrlist.obs)
243  ISRT._MediaGetFilteringInfo                        isrt.obl(Feature.obs)
244  ISRT._MediaGetInfo                                 isrt.obl(Feature.obs)
245  ISRT._OnUninstPriv                                 Setup.obs
246  ISRT._OpenFile                                     isrt.obl(Files.obs)
247  ISRT._Preprogram                                   Setup.obs
248  ISRT._Rebooted                                     Setup.obs
249  ISRT._RegCreateKey                                 isrt.obl(Registry.obs)
250  ISRT._RegDeleteValue                               isrt.obl(Registry.obs)
251  ISRT._RegEnableTextSubs                            isrt.obl(Enable.obs)
252  ISRT._RegEnum                                      isrt.obl(Registry.obs)
253  ISRT._RegGetOptions                                isrt.obl(SysVars.obs)
254  ISRT._RegIsRemoteRegConnected                      isrt.obl(Is.obs)
255  ISRT._RegQueryKeyBinaryValue                       isrt.obl(Registry.obs)
256  ISRT._RegQueryKeyValue                             isrt.obl(Registry.obs)
257  ISRT._RegSetKeyBinaryValue                         isrt.obl(Registry.obs)
258  ISRT._RegSetKeyValue                               isrt.obl(Registry.obs)
259  ISRT._RegSetOptions                                isrt.obl(SysVars.obs)
260  ISRT._ReleaseDialog                                isrt.obl(CustomDialog.obs)
261  ISRT._SdShowMsg                                    isrt.obl(ISRTScriptDialogsPriv.obs)
262  ISRT._SetAltMainImage                              isrt.obl(Dialogs.obs)
263  ISRT._SetAltMainImageEx                            isrt.obl(Dialogs.obs)
264  ISRT._SetDisplayEffect                             isrt.obl(ui.obs)
265  ISRT._SetDllDirectory                              isrt.obl(Enable.obs)
266  ISRT._SetGlobalFlags                               ifx.obl(EventsPriv.obs)
267  ISRT._SetPaletteFile                               isrt.obl(MIO.obs)
268  ISRT._SetSilentSdShowMsg                           isrt.obl(Enable.obs)
269  ISRT._SetTitle                                     isrt.obl(ui.obs)
270  ISRT._SetupInet                                    isrt.obl(MIO.obs)
271  ISRT._SetupTraceWrite                              isrt.obl(Misc.obs)
272  ISRT._ShowObjWizardPages                           isrt.obl(Objects.obs)
273  ISRT._ShowWizardPages                              Setup.obs
274  ISRT._StatusUpdate                                 isrt.obl(ui.obs)
275  ISRT._TreeViewCreate                               isrt.obl(CmptView.obs)
276  ISRT._WaitOnDialog                                 isrt.obl(CustomDialog.obs)
277  ISRT._WriteLine                                    isrt.obl(Files.obs)
278  ISRT.__CreateObjectContext                         isrt.obl(ISRTInit.obs)
279  ISRT.__GetCmdLineOptions                           isrt.obl(ISRTInit.obs)
280  ISRT.__GetContextGUID                              isrt.obl(ISRTInit.obs)
281  ISRT.__GetEnabledIServices                         isrt.obl(SysVars.obs)
282  ISRT.__GetFileRegistrar                            isrt.obl(ISRTInit.obs)
283  ISRT.__GetInfo                                     isrt.obl(ISRTInit.obs)
284  ISRT.__GetInstallGuid                              isrt.obl(SysVars.obs)
285  ISRT.__GetLog                                      isrt.obl(SysVars.obs)
286  ISRT.__GetLogDB                                    isrt.obl(ISRTInit.obs)
287  ISRT.__GetLogEx                                    isrt.obl(SysVars.obs)
288  ISRT.__GetMainWindow                               Setup.obs
289  ISRT.__GetMaintOption                              isrt.obl(SysVars.obs)
290  ISRT.__GetMaintenanceMode                          isrt.obl(SysVars.obs)
291  ISRT.__GetObjects                                  isrt.obl(ISRTInit.obs)
292  ISRT.__GetProductGuid                              isrt.obl(SysVars.obs)
293  ISRT.__GetProgress                                 Setup.obs
294  ISRT.__GetReboot                                   isrt.obl(ISRTInit.obs)
295  ISRT.__GetReinstallMode                            isrt.obl(SysVars.obs)
296  ISRT.__GetRemoveAllMode                            isrt.obl(SysVars.obs)
297  ISRT.__GetTextSub                                  isrt.obl(ISRTInit.obs)
298  ISRT.__GetUpdateMode                               isrt.obl(SysVars.obs)
299  ISRT.__GetUser                                     isrt.obl(MIO.obs)
300  ISRT.__ISRTGetPropertyBag                          ifx.obl(PersistPropertyBag.obs)
301  ISRT.__ISRTReleasePropertyBag                      ifx.obl(PersistPropertyBag.obs)
302  ISRT.__LoadString                                  isrt.obl(LoadStr.obs)
303  ISRT.__PutEnabledIServices                         isrt.obl(Enable.obs)
304  ISRT.__ReleaseObjectContext                        isrt.obl(ISRTInit.obs)
305  ISRT.__RestoreMainLog                              isrt.obl(ISRTInit.obs)
306  ISRT.__RestoreMainLogEx                            isrt.obl(ISRTInit.obs)
307  ISRT.__SetComponentLog                             isrt.obl(ISRTInit.obs)
308  ISRT.__SetUpdateMode                               isrt.obl(SysVars.obs)
309  ISRTHandleScriptException                          isrt.obl(Misc.obs)
310  ISRTOnUninstPriv                                   isrt.obl(Driver.obs)
311  ISRTPreprogram                                     isrt.obl(Driver.obs)
312  IfxFilterComponents                                ifx.obl(EventsSetupPriv.obs)
313  IfxFinalConstruct                                  ifx.obl(EventsSetupPriv.obs)
314  IfxFinalRelease                                    ifx.obl(EventsSetupPriv.obs)
315  IfxInitProperties                                  ifx.obl(PersistPropertyBag.obs)
316  IfxOnAbortInstall                                  ifx.obl(EventsPriv.obs)
317  IfxOnAppSearch                                     ifx.obl(EventsPriv.obs)
318  IfxOnCCPSearch                                     ifx.obl(EventsPriv.obs)
319  IfxOnCanceling                                     ifx.obl(EventsPriv.obs)
320  IfxOnDisk1Installed                                ifx.obl(EventsSetupPriv.obs)
321  IfxOnDisk1Installing                               ifx.obl(EventsSetupPriv.obs)
322  IfxOnExitInstall                                   ifx.obl(EventsSetupPriv.obs)
323  IfxOnFileError                                     ifx.obl(EventsSetupPriv.obs)
324  IfxOnFileLocked                                    ifx.obl(EventsSetupPriv.obs)
325  IfxOnFileReadOnly                                  ifx.obl(EventsSetupPriv.obs)
326  IfxOnGeneralScriptOp                               ifx.obl(EventsPriv.obs)
327  IfxOnHelp                                          ifx.obl(EventsPriv.obs)
328  IfxOnInitInstall                                   ifx.obl(EventsSetupPriv.obs)
329  IfxOnInternetError                                 ifx.obl(EventsSetupPriv.obs)
330  IfxOnMD5Error                                      ifx.obl(EventsSetupPriv.obs)
331  IfxOnNextDisk                                      ifx.obl(EventsSetupPriv.obs)
332  IfxOnRebooted                                      ifx.obl(EventsPriv.obs)
333  IfxOnRemovingSharedFile                            ifx.obl(EventsSetupPriv.obs)
334  IfxOnShowWizardPages                               ifx.obl(EventsSetupPriv.obs)
335  IfxOnTransferred                                   ifx.obl(EventsPriv.obs)
336  IfxOnTransferring                                  ifx.obl(EventsSetupPriv.obs)
337  IfxOnUnhandledException                            ifx.obl(EventsPriv.obs)
338  IfxOnUninst                                        ifx.obl(EventsSetupPriv.obs)
339  IfxOnUninstPriv                                    ifx.obl(EventsSetupPriv.obs)
340  IfxPostprogram                                     ifx.obl(EventsSetupPriv.obs)
341  IfxPreprogram                                      ifx.obl(EventsSetupPriv.obs)
342  IfxReadProperties                                  ifx.obl(PersistPropertyBag.obs)
343  IfxRunAfterReboot                                  ifx.obl(EventsSetupPriv.obs)
344  IfxWriteProperties                                 ifx.obl(PersistPropertyBag.obs)
345  InetEndofTransfer                                  isrt.obl(iftw.obs)
346  InetNextDisk                                       isrt.obl(iftw.obs)
347  InitInstall                                        isrt.obl(Driver.obs)
348  InitProperties                                     ifx.obl(PersistPropertyBag.obs)
349  Is                                                 isrt.obl(Is.obs)
350  IsInetInstall                                      isrt.obl(iftw.obs)
351  KERNEL.GetModuleHandle                             Setup.obs
352  KERNEL32.CloseHandle                               Setup.obs
353  KERNEL32.CreateFileW                               Setup.obs
354  KERNEL32.CreateProcess                             Setup.obs
355  KERNEL32.DeleteFileW                               Setup.obs
356  KERNEL32.FindClose                                 Setup.obs
357  KERNEL32.FindFirstFileW                            Setup.obs
358  KERNEL32.FindNextFileW                             Setup.obs
359  KERNEL32.FormatMessageW                            Setup.obs
360  KERNEL32.FreeLibrary                               Setup.obs
361  KERNEL32.GetCurrentDirectoryW                      Setup.obs
362  KERNEL32.GetDriveType                              Setup.obs
363  KERNEL32.GetExitCodeProcess                        Setup.obs
364  KERNEL32.GetFileAttributesW                        Setup.obs
365  KERNEL32.GetLocalTime                              Setup.obs
366  KERNEL32.GetLocaleInfo                             Setup.obs
367  KERNEL32.GetPrivateProfileSectionW                 Setup.obs
368  KERNEL32.GetPrivateProfileString                   Setup.obs
369  KERNEL32.GetPrivateProfileStringW                  Setup.obs
370  KERNEL32.GetProcAddress                            Setup.obs
371  KERNEL32.GetProcessId                              Setup.obs
372  KERNEL32.GetProfileStringW                         Setup.obs
373  KERNEL32.GetSystemDefaultLCID                      Setup.obs
374  KERNEL32.GetSystemDefaultLangID                    Setup.obs
375  KERNEL32.GetSystemDefaultUILanguage                Setup.obs
376  KERNEL32.GetTickCount                              Setup.obs
377  KERNEL32.GetUserDefaultLangID                      Setup.obs
378  KERNEL32.GetVersion                                Setup.obs
379  KERNEL32.GetVersionEx                              Setup.obs
380  KERNEL32.GetVolumeInformation                      Setup.obs
381  KERNEL32.GetWindowsDirectory                       Setup.obs
382  KERNEL32.LoadLibraryW                              Setup.obs
383  KERNEL32.SetCurrentDirectoryW                      Setup.obs
384  KERNEL32.SetFileAttributesW                        Setup.obs
385  KERNEL32.Sleep                                     Setup.obs
386  KERNEL32.WritePrivateProfileString                 Setup.obs
387  KERNEL32.WritePrivateProfileStringW                Setup.obs
388  KERNEL32.WriteProfileStringW                       Setup.obs
389  KERNEL32.lstrlenW                                  Setup.obs
390  LOWORD                                             isrt.obl(Misc.obs)
391  LaunchApp                                          isrt.obl(Extend.obs)
392  LaunchAppAndWait                                   isrt.obl(Extend.obs)
393  LaunchAppAndWaitInitStartupInfo                    isrt.obl(Extend.obs)
394  LaunchApplication                                  isrt.obl(Extend.obs)
395  LaunchApplicationInit                              isrt.obl(Extend.obs)
396  ListAddItem                                        isrt.obl(scrlist.obs)
397  ListAddString                                      isrt.obl(scrlist.obs)
398  ListCount                                          isrt.obl(scrlist.obs)
399  ListCreate                                         isrt.obl(scrlist.obs)
400  ListCurrentString                                  isrt.obl(scrlist.obs)
401  ListDeleteItem                                     isrt.obl(scrlist.obs)
402  ListDeleteString                                   isrt.obl(scrlist.obs)
403  ListDestroy                                        isrt.obl(scrlist.obs)
404  ListFindString                                     isrt.obl(scrlist.obs)
405  ListGetFirstItem                                   isrt.obl(scrlist.obs)
406  ListGetFirstString                                 isrt.obl(scrlist.obs)
407  ListGetNextItem                                    isrt.obl(scrlist.obs)
408  ListGetNextString                                  isrt.obl(scrlist.obs)
409  ListGetType                                        isrt.obl(scrlist.obs)
410  ListSetIndex                                       isrt.obl(scrlist.obs)
411  ListValid                                          isrt.obl(scrlist.obs)
412  ListValidType                                      isrt.obl(scrlist.obs)
413  LoadStringFromStringTable                          isrt.obl(Str.obs)
414  LogReadCustomString                                isrt.obl(Misc.obs)
415  LogReadCustomVariant                               isrt.obl(Misc.obs)
416  LogWriteCustomString                               isrt.obl(Misc.obs)
417  LogWriteCustomVariant                              isrt.obl(Misc.obs)
418  LongPathFromShortPath                              isrt.obl(Str.obs)
419  LongPathToQuote                                    isrt.obl(Str.obs)
420  MAKELONG                                           isrt.obl(Misc.obs)
421  MIFCreateMIFFile                                   isrt.obl(MIF.obs)
422  MIFDeleteMIFFile                                   isrt.obl(MIF.obs)
423  MIFInitialize                                      isrt.obl(MIF.obs)
424  MIFSetInformation                                  isrt.obl(MIF.obs)
425  MIFUnInitialize                                    isrt.obl(MIF.obs)
426  MIFWasSetInformationCalled                         isrt.obl(MIF.obs)
427  MIOShutdown                                        isrt.obl(MIO.obs)
428  MIOStartup                                         isrt.obl(MIO.obs)
429  MaintenanceStart                                   isrt.obl(Registry.obs)
430  MediaGetData                                       isrt.obl(Feature.obs)
431  MediaGetDataEx                                     isrt.obl(Feature.obs)
432  MessageBeep                                        isrt.obl(Misc.obs)
433  MessageBox                                         isrt.obl(ISRTScriptDialogsPriv.obs)
434  MessageBoxEx                                       isrt.obl(ISRTScriptDialogsPriv.obs)
435  OnAbort                                            ifx.obl(EventsSetup.obs)
436  OnAppSearch                                        ifx.obl(EventsSetup.obs)
437  OnBegin                                            ifx.obl(EventsSetup.obs)
438  OnCCPSearch                                        ifx.obl(EventsSetup.obs)
439  OnCanceling                                        ifx.obl(EventsSetup.obs)
440  OnCheckMediaPassword                               ifx.obl(EventsSetup.obs)
441  OnComponentError                                   ifx.obl(EventsSetup.obs)
442  OnCustomizeUninstInfo                              ifx.obl(EventsSetup.obs)
443  OnDIFxLogCallback                                  ifx.obl(EventsSetup.obs)
444  OnDIFxLogCallbackImpl                              isrt.obl(ISDIFx.obs)
445  OnEnd                                              ifx.obl(EventsSetup.obs)
446  OnFileError                                        ifx.obl(EventsSetup.obs)
447  OnFileLocked                                       ifx.obl(EventsSetup.obs)
448  OnFileReadOnly                                     ifx.obl(EventsSetup.obs)
449  OnFilterComponents                                 ifx.obl(EventsSetup.obs)
450  OnFirstUIAfter                                     ifx.obl(EventsSetup.obs)
451  OnFirstUIBefore                                    Setup.obs
452  OnHelp                                             ifx.obl(EventsSetup.obs)
453  OnIISAppPoolUninstalling                           ifx.obl(EventsPriv.obs)
454  OnIISCheckRequirements                             ifx.obl(EventsPriv.obs)
455  OnIISComponentInstalled                            ifx.obl(EventsPriv.obs)
456  OnIISInitialize                                    ifx.obl(EventsPriv.obs)
457  OnIISUninitialize                                  ifx.obl(EventsPriv.obs)
458  OnIISVRootUninstalling                             ifx.obl(EventsPriv.obs)
459  OnIISWebServiceExtensionUninstalling               ifx.obl(EventsPriv.obs)
460  OnIISWebSiteUninstalling                           ifx.obl(EventsPriv.obs)
461  OnInstallDRMService                                isrt.obl(Activation.obs)
462  OnInstalledFile                                    ifx.obl(EventsSetup.obs)
463  OnInstalledFontFile                                ifx.obl(EventsSetup.obs)
464  OnInstallingFile                                   ifx.obl(EventsSetup.obs)
465  OnInternetError                                    ifx.obl(EventsSetup.obs)
466  OnLaunchAppAndWaitCallback                         ifx.obl(EventsSetup.obs)
467  OnMD5Error                                         ifx.obl(EventsSetup.obs)
468  OnMaintUIAfter                                     ifx.obl(EventsSetup.obs)
469  OnMaintUIBefore                                    ifx.obl(EventsSetup.obs)
470  OnMoveData                                         ifx.obl(EventsSetup.obs)
471  OnMoved                                            ifx.obl(EventsSetup.obs)
472  OnMoving                                           ifx.obl(EventsSetup.obs)
473  OnNetApiCreateUserAccount                          ifx.obl(EventsSetup.obs)
474  OnNetApiCreateUserAccountInternal                  isrt.obl(NetApiRT.obs)
475  OnNextDisk                                         ifx.obl(EventsSetup.obs)
476  OnRebooted                                         ifx.obl(EventsSetup.obs)
477  OnRemovingSharedFile                               ifx.obl(EventsSetup.obs)
478  OnSQLBatchScripts                                  ifx.obl(EventsPriv.obs)
479  OnSQLComponentInstalled                            ifx.obl(EventsPriv.obs)
480  OnSQLComponentUninstalled                          ifx.obl(EventsPriv.obs)
481  OnSQLServerInitialize                              ifx.obl(EventsPriv.obs)
482  OnSQLServerInitializeMaint                         ifx.obl(EventsPriv.obs)
483  OnSelfRegistrationError                            ifx.obl(EventsSetup.obs)
484  OnSetTARGETDIR                                     ifx.obl(EventsSetup.obs)
485  OnSetUpdateMode                                    ifx.obl(EventsSetup.obs)
486  OnShowUI                                           ifx.obl(EventsSetup.obs)
487  OnSuiteInstallAfter                                ifx.obl(EventsSetup.obs)
488  OnSuiteInstallBefore                               ifx.obl(EventsSetup.obs)
489  OnSuiteMaintAfter                                  ifx.obl(EventsSetup.obs)
490  OnSuiteMaintBefore                                 ifx.obl(EventsSetup.obs)
491  OnSuiteShowUI                                      ifx.obl(EventsSetup.obs)
492  OnSuiteUpdateAfter                                 ifx.obl(EventsSetup.obs)
493  OnSuiteUpdateBefore                                ifx.obl(EventsSetup.obs)
494  OnUnInstallDRMService                              isrt.obl(Activation.obs)
495  OnUnhandledException                               ifx.obl(EventsPriv.obs)
496  OnUninstall                                        Setup.obs
497  OnUninstalledFile                                  ifx.obl(EventsSetup.obs)
498  OnUninstallingDIFxDriverFile                       ifx.obl(EventsSetup.obs)
499  OnUninstallingFile                                 ifx.obl(EventsSetup.obs)
500  OnUninstallingFontFile                             ifx.obl(EventsSetup.obs)
501  OnUpdateUIAfter                                    ifx.obl(EventsSetup.obs)
502  OnUpdateUIBefore                                   ifx.obl(EventsSetup.obs)
503  OnXMLComponentInstalled                            ifx.obl(EventsPriv.obs)
504  OnXMLComponentUninstalling                         ifx.obl(EventsPriv.obs)
505  OnXMLInitialize                                    ifx.obl(EventsPriv.obs)
506  OnXMLUninitialize                                  ifx.obl(EventsPriv.obs)
507  OpenFileMode                                       isrt.obl(Files.obs)
508  ParsePath                                          isrt.obl(Str.obs)
509  Postprogram                                        ifx.obl(EventsSetupPriv.obs)
510  Preprogram                                         ifx.obl(EventsSetupPriv.obs)
511  PthFixPath                                         isrt.obl(Pth.obs)
512  PthIsAbsPath                                       isrt.obl(Pth.obs)
513  ReadProperties                                     ifx.obl(PersistPropertyBag.obs)
514  Rebooted                                           isrt.obl(Driver.obs)
515  RegDBDeleteItem                                    isrt.obl(Registry.obs)
516  RegDBDeleteValue                                   isrt.obl(Registry.obs)
517  RegDBDeleteValueEx                                 isrt.obl(Registry.obs)
518  RegDBDeleteValueEx32                               isrt.obl(Registry.obs)
519  RegDBGetDefaultRoot                                isrt.obl(SysVars.obs)
520  RegDBGetItem                                       isrt.obl(Registry.obs)
521  RegDBGetKeyValueEx                                 isrt.obl(Registry.obs)
522  RegDBQueryKey                                      isrt.obl(Registry.obs)
523  RegDBQueryKeyCount                                 isrt.obl(Registry.obs)
524  RegDBQueryStringMultiStringCount                   isrt.obl(Registry.obs)
525  RegDBQueryValue                                    isrt.obl(Registry.obs)
526  RegDBQueryValue32                                  isrt.obl(Registry.obs)
527  RegDBSetDefaultRoot                                isrt.obl(SysVars.obs)
528  RegDBSetItem                                       isrt.obl(Registry.obs)
529  RegDBSetKeyValueEx                                 isrt.obl(Registry.obs)
530  RegDBSetValue                                      isrt.obl(Registry.obs)
531  RegDBSetValue32                                    isrt.obl(Registry.obs)
532  RegDBSetVersion                                    isrt.obl(Registry.obs)
533  RegisterFontResource                               isrt.obl(Misc.obs)
534  ReleaseDialog                                      isrt.obl(CustomDialog.obs)
535  SdCloseDlg                                         isrt.obl(SDINT.obs)
536  SdComponentDlgCheckSpace                           isrt.obl(SDINT.obs)
537  SdDlgToTop                                         isrt.obl(SDINT.obs)
538  SdDoStdButton                                      isrt.obl(SDINT.obs)
539  SdEnablement                                       isrt.obl(SDINT.obs)
540  SdError                                            isrt.obl(SDINT.obs)
541  SdExceptionsInit                                   isrt.obl(ISRTScriptDialogsPriv.obs)
542  SdFeatureTree                                      isrt.obl(ISRTScriptDialogs.obs)
543  SdFinish                                           isrt.obl(ISRTScriptDialogs.obs)
544  SdFinishReboot                                     isrt.obl(ISRTScriptDialogs.obs)
545  SdGeneralInit                                      isrt.obl(SDINT.obs)
546  SdInit                                             isrt.obl(SDINT.obs)
547  SdIsStdButton                                      isrt.obl(SDINT.obs)
548  SdLoadString                                       isrt.obl(SDINT.obs)
549  SdMakeName                                         isrt.obl(SDINT.obs)
550  SdPlugInProductName                                isrt.obl(SDINT.obs)
551  SdSetDlgTitle                                      isrt.obl(SDINT.obs)
552  SdSetStatic                                        isrt.obl(SDINT.obs)
553  SdShowMsg                                          isrt.obl(ISRTScriptDialogsPriv.obs)
554  SdSubstituteProductInfo                            isrt.obl(SDINT.obs)
555  SdUnInit                                           isrt.obl(SDINT.obs)
556  SdWelcome                                          isrt.obl(ISRTScriptDialogs.obs)
557  SdWelcomeMaint                                     isrt.obl(ISRTScriptDialogs.obs)
558  SelectDir                                          isrt.obl(ISRTScriptDialogsPriv.obs)
559  SelectDirNoLog                                     isrt.obl(ISRTScriptDialogsPriv.obs)
560  SendMessage                                        isrt.obl(Misc.obs)
561  ServiceInitParams                                  isrt.obl(Service.obs)
562  SetCmdLine                                         isrt.obl(SysVars.obs)
563  SetDialogTitle                                     isrt.obl(Dialogs.obs)
564  SetDisplayEffect                                   isrt.obl(ui.obs)
565  SetExtendedErrInfo                                 isrt.obl(IsUtil.obs)
566  SetStatus                                          ifx.obl(EventsSetupPriv.obs)
567  SetStatusEx                                        ifx.obl(EventsSetupPriv.obs)
568  SetStatusExStaticText                              isrt.obl(ui.obs)
569  SetStatusWindow                                    isrt.obl(ui.obs)
570  SetTitle                                           isrt.obl(ui.obs)
571  SetupTraceWrite                                    isrt.obl(Misc.obs)
572  Shell32.ShellExecuteExW                            Setup.obs
573  ShowObjWizardPages                                 isrt.obl(Objects.obs)
574  ShowWizardPages                                    isrt.obl(Driver.obs)
575  SilentCreateFile                                   isrt.obl(Silent.obs)
576  SilentDoGeneralInfo                                isrt.obl(Silent.obs)
577  SilentFailed                                       isrt.obl(Silent.obs)
578  SilentFinish                                       isrt.obl(Silent.obs)
579  SilentInit                                         isrt.obl(Silent.obs)
580  SilentLogWriteData                                 isrt.obl(Silent.obs)
581  SilentReadData                                     isrt.obl(Silent.obs)
582  SilentSetInfo                                      isrt.obl(Silent.obs)
583  SilentSetMode                                      isrt.obl(Silent.obs)
584  SilentWriteData                                    isrt.obl(Silent.obs)
585  Sprintf                                            isrt.obl(Str.obs)
586  SprintfBox                                         isrt.obl(ISRTScriptDialogsPriv.obs)
587  StatusUpdate                                       isrt.obl(ui.obs)
588  StrAddLastSlash                                    isrt.obl(Str.obs)
589  StrConvertSizeUnit                                 isrt.obl(Str.obs)
590  StrFindEx                                          isrt.obl(Str.obs)
591  StrGetTokens                                       isrt.obl(Str.obs)
592  StrLength                                          isrt.obl(Str.obs)
593  StrRemoveLastSlash                                 isrt.obl(Str.obs)
594  StrReplace                                         isrt.obl(Str.obs)
595  StrToNumHex                                        isrt.obl(Str.obs)
596  StrToUpper                                         isrt.obl(Str.obs)
597  StrTrim                                            isrt.obl(Str.obs)
598  SuiteLogInfo                                       isrt.obl(SuiteWrappers.obs)
599  SuiteReportError                                   isrt.obl(SuiteWrappers.obs)
600  SysVarsInit                                        isrt.obl(SysVars.obs)
601  SysVarsTrace                                       isrt.obl(SysVars.obs)
602  SysVarsUnInit                                      isrt.obl(SysVars.obs)
603  System                                             isrt.obl(Misc.obs)
604  SystemRestoreCancelRestorePointIS                  isrt.obl(PCRestore.obs)
605  SystemRestoreCloseRestorePointIS                   isrt.obl(PCRestore.obs)
606  SystemRestoreDisableIS                             isrt.obl(PCRestore.obs)
607  SystemRestoreIsEnabledIS                           isrt.obl(PCRestore.obs)
608  SystemRestoreOpenRestorePointIS                    isrt.obl(PCRestore.obs)
609  TextSubGetValue                                    isrt.obl(TextSub.obs)
610  TextSubParseTextSub                                isrt.obl(TextSub.obs)
611  TextSubSetValue                                    isrt.obl(TextSub.obs)
612  TextSubSubstitute                                  isrt.obl(TextSub.obs)
613  TreeViewCreate                                     isrt.obl(CmptView.obs)
614  USER.EnableWindow                                  Setup.obs
615  USER.GetClassName                                  Setup.obs
616  USER.GetDC                                         Setup.obs
617  USER.GetDlgItem                                    Setup.obs
618  USER.GetFocus                                      Setup.obs
619  USER.GetWindowLong                                 Setup.obs
620  USER.GetWindowRect                                 Setup.obs
621  USER.IsIconic                                      Setup.obs
622  USER.IsWindow                                      Setup.obs
623  USER.PostMessage                                   Setup.obs
624  USER.ReleaseDC                                     Setup.obs
625  USER.SendMessageW                                  Setup.obs
626  USER.SetFocus                                      Setup.obs
627  USER.SetWindowPos                                  Setup.obs
628  USER.SetWindowText                                 Setup.obs
629  USER.ShowWindow                                    Setup.obs
630  USER32.CharUpperBuffW                              Setup.obs
631  USER32.DispatchMessage                             Setup.obs
632  USER32.GetDesktopWindow                            Setup.obs
633  USER32.GetSystemMetrics                            Setup.obs
634  USER32.GetWindowText                               Setup.obs
635  USER32.GetWindowTextLength                         Setup.obs
636  USER32.IsWindowVisible                             Setup.obs
637  USER32.MessageBoxW                                 Setup.obs
638  USER32.MsgWaitForMultipleObjects                   Setup.obs
639  USER32.PeekMessageW                                Setup.obs
640  USER32.SendMessageW                                Setup.obs
641  USER32.SetForegroundWindow                         Setup.obs
642  USER32.SetWindowLong                               Setup.obs
643  USER32.SetWindowRgn                                Setup.obs
644  USER32.TranslateMessage                            Setup.obs
645  USER32.WaitForInputIdle                            Setup.obs
646  UpdateServiceEnableUpdateService                   isrt.obl(ISUpdateService.obs)
647  VarInit                                            isrt.obl(SysVars.obs)
648  VarRestore                                         isrt.obl(SysVars.obs)
649  VarRestoreISRT                                     isrt.obl(SysVars.obs)
650  VarSave                                            isrt.obl(SysVars.obs)
651  VarSaveISRT                                        isrt.obl(SysVars.obs)
652  VerCompare                                         isrt.obl(version.obs)
653  VerProductCompareVersions                          isrt.obl(version.obs)
654  VerProductGetInstalledVersion                      isrt.obl(version.obs)
655  VerProductIsVersionSupported                       isrt.obl(version.obs)
656  VerProductNumToStr                                 isrt.obl(version.obs)
657  VerProductStrToNum                                 isrt.obl(version.obs)
658  VerProductVerFromVerParts                          isrt.obl(version.obs)
659  VerProductVerPartsFromVer                          isrt.obl(version.obs)
660  WaitForApplication                                 isrt.obl(Extend.obs)
661  WaitOnDialog                                       isrt.obl(CustomDialog.obs)
662  WizardDirection                                    ifx.obl(EventsSetupPriv.obs)
663  WriteLine                                          isrt.obl(Files.obs)
664  WriteProfInt                                       isrt.obl(Profile.obs)
665  WriteProfString                                    isrt.obl(Profile.obs)
666  WriteProperties                                    ifx.obl(PersistPropertyBag.obs)
667  __ISRTDoExit                                       isrt.obl(Misc.obs)
668  __ISRTInit                                         isrt.obl(ISRTInit.obs)
669  __ISRTRestoreMainLog                               isrt.obl(ISRTInit.obs)
670  __ISRTRestoreMainLogEx                             isrt.obl(ISRTInit.obs)
671  __ISRTSetComponentLog                              isrt.obl(ISRTInit.obs)
672  __ISRTUnInit                                       isrt.obl(ISRTInit.obs)
673  __LoadIScriptString                                isrt.obl(LoadStr.obs)
674  program                                            ifx.obl(EventsSetupPriv.obs)
675  sfc.SRSetRestorePointW                             Setup.obs


***** External Variables *****
1    ADDREMOVE                                          isrt.obl(DebugSymbols.obs)
2    ADDREMOVE_COMBINEDBUTTON                           Setup.obs
3    ADDREMOVE_HIDECHANGEOPTION                         Setup.obs
4    ADDREMOVE_HIDEREMOVEOPTION                         Setup.obs
5    ADDREMOVE_HIDEREPAIROPTION                         Setup.obs
6    ADDREMOVE_STRING_REMOVEONLY                        Setup.obs
7    ADDREMOVE_SYSTEMCOMPONENT                          Setup.obs
8    ADMINUSER                                          Setup.obs
9    ALLUSERS                                           Setup.obs
10   BASICMSI                                           isrt.obl(DebugSymbols.obs)
11   BATCH_INSTALL                                      Setup.obs
12   CMDLINE                                            isrt.obl(DebugSymbols.obs)
13   COMMONFILES                                        isrt.obl(DebugSymbols.obs)
14   COMMONFILES64                                      isrt.obl(DebugSymbols.obs)
15   DISABLE_ALLUSERBTN                                 Setup.obs
16   DISABLE_PERUSERBTN                                 Setup.obs
17   DISK1SETUPEXENAME                                  isrt.obl(DebugSymbols.obs)
18   DISK1TARGET                                        Setup.obs
19   ENABLED_ISERVICES                                  isrt.obl(DebugSymbols.obs)
20   ENGINECOMMONDIR                                    isrt.obl(DebugSymbols.obs)
21   ENGINEDIR                                          isrt.obl(DebugSymbols.obs)
22   ERRORFILENAME                                      Setup.obs
23   Err                                                Setup.obs
24   FILETIME                                           Setup.obs
25   FIND_DATAW                                         Setup.obs
26   FOLDER_APPDATA                                     isrt.obl(DebugSymbols.obs)
27   FOLDER_COMMON_APPDATA                              isrt.obl(DebugSymbols.obs)
28   FOLDER_DESKTOP                                     isrt.obl(DebugSymbols.obs)
29   FOLDER_DOTNET_10                                   isrt.obl(DebugSymbols.obs)
30   FOLDER_DOTNET_11                                   isrt.obl(DebugSymbols.obs)
31   FOLDER_DOTNET_20                                   isrt.obl(DebugSymbols.obs)
32   FOLDER_DOTNET_30                                   isrt.obl(DebugSymbols.obs)
33   FOLDER_DOTNET_35                                   isrt.obl(DebugSymbols.obs)
34   FOLDER_DOTNET_40                                   isrt.obl(DebugSymbols.obs)
35   FOLDER_FONTS                                       isrt.obl(DebugSymbols.obs)
36   FOLDER_LOCAL_APPDATA                               isrt.obl(DebugSymbols.obs)
37   FOLDER_PERSONAL                                    isrt.obl(DebugSymbols.obs)
38   FOLDER_PROGRAMS                                    isrt.obl(DebugSymbols.obs)
39   FOLDER_STARTMENU                                   isrt.obl(DebugSymbols.obs)
40   FOLDER_STARTUP                                     isrt.obl(DebugSymbols.obs)
41   FOLDER_TEMP                                        isrt.obl(DebugSymbols.obs)
42   FileRegistrar                                      Setup.obs
43   HIDE_DISABLED_BTNS                                 Setup.obs
44   HKEYCURRENTROOTKEY                                 Setup.obs
45   IFX_COMPANY_NAME                                   Setup.obs
46   IFX_DISK1INSTALLED                                 Setup.obs
47   IFX_INITIALIZED                                    Setup.obs
48   IFX_INSTALLED_DISPLAY_VERSION                      Setup.obs
49   IFX_INSTALLED_VERSION                              Setup.obs
50   IFX_KEYPATH_PRODUCT_INFO                           Setup.obs
51   IFX_MULTI_INSTANCE_SUFFIX                          Setup.obs
52   IFX_OPEN_RESTORE_POINT                             isrt.obl(PCRestore.obs)
53   IFX_PRODUCT_COMMENTS                               Setup.obs
54   IFX_PRODUCT_DISPLAY_NAME                           Setup.obs
55   IFX_PRODUCT_DISPLAY_VERSION                        Setup.obs
56   IFX_PRODUCT_ICON                                   Setup.obs
57   IFX_PRODUCT_KEY                                    Setup.obs
58   IFX_PRODUCT_NAME                                   Setup.obs
59   IFX_PRODUCT_README                                 Setup.obs
60   IFX_PRODUCT_REGISTEREDCOMPANY                      Setup.obs
61   IFX_PRODUCT_REGISTEREDOWNER                        Setup.obs
62   IFX_PRODUCT_REGISTEREDSERIALNUM                    Setup.obs
63   IFX_PRODUCT_SUPPORT_CONTACT                        Setup.obs
64   IFX_PRODUCT_SUPPORT_PHONE                          Setup.obs
65   IFX_PRODUCT_SUPPORT_URL                            Setup.obs
66   IFX_PRODUCT_UPDATE_URL                             Setup.obs
67   IFX_PRODUCT_URL                                    Setup.obs
68   IFX_PRODUCT_VERSION                                Setup.obs
69   IFX_RESTORE_DISABLED                               isrt.obl(PCRestore.obs)
70   IFX_SETUP_TITLE                                    Setup.obs
71   IFX_SUPPORTED_VERSIONS                             Setup.obs
72   IISROOTFOLDER                                      isrt.obl(DebugSymbols.obs)
73   INSTALLSCRIPTMSI                                   isrt.obl(DebugSymbols.obs)
74   INSTALLSCRIPTMSIEEUI                               isrt.obl(DebugSymbols.obs)
75   INSTANCE_GUID                                      isrt.obl(DebugSymbols.obs)
76   ISDIFXAPPID                                        Setup.obs
77   ISRES                                              isrt.obl(DebugSymbols.obs)
78   ISUSER                                             isrt.obl(DebugSymbols.obs)
79   ISUTIL_FUNCTION_ACTUAL_ERROR                       Setup.obs
80   ISUTIL_LINE_NUMBER                                 Setup.obs
81   ISUTIL_SCRIPT_FILE                                 Setup.obs
82   ISVERSION                                          isrt.obl(DebugSymbols.obs)
83   IS_NULLSTR_PTR                                     Setup.obs
84   InetSRCDIR                                         Setup.obs
85   LAAW_PARAMETERS                                    Setup.obs
86   LAAW_PROCESS_INFORMATION                           Setup.obs
87   LAAW_SHELLEXECUTEINFO                              Setup.obs
88   LAAW_SHELLEXECUTEVERB                              Setup.obs
89   LAAW_STARTUPINFO                                   Setup.obs
90   LAST_RESULT                                        Setup.obs
91   LogDB                                              Setup.obs
92   MAINTENANCE                                        isrt.obl(DebugSymbols.obs)
93   MAINT_OPTION                                       isrt.obl(DebugSymbols.obs)
94   MEDIA                                              Setup.obs
95   MEDIA_INFO                                         isrt.obl(Feature.obs)
96   MODE                                               Setup.obs
97   MSG                                                Setup.obs
98   MULTI_INSTANCE_COUNT                               isrt.obl(DebugSymbols.obs)
99   MainWindow                                         Setup.obs
100  NOTHING                                            Setup.obs
101  OSINFO_PLATFORM_INFO                               Setup.obs
102  OSINFO_PROCESSOR_INFO                              Setup.obs
103  OSVERSIONINFOEXW                                   Setup.obs
104  OSVERSIONINFOW                                     Setup.obs
105  Objects                                            Setup.obs
106  PACKAGE_LOCATION                                   isrt.obl(DebugSymbols.obs)
107  POINT                                              Setup.obs
108  PRIVILEGED                                         Setup.obs
109  PROCESS_INFORMATION                                Setup.obs
110  PRODUCT_GUID                                       isrt.obl(DebugSymbols.obs)
111  PROGRAMFILES                                       isrt.obl(DebugSymbols.obs)
112  PROGRAMFILES64                                     isrt.obl(DebugSymbols.obs)
113  RECT                                               Setup.obs
114  REGDB_OPTIONS                                      Setup.obs
115  REINSTALLMODE                                      isrt.obl(DebugSymbols.obs)
116  REMOVEALLMODE                                      isrt.obl(DebugSymbols.obs)
117  REMOVEONLY                                         isrt.obl(DebugSymbols.obs)
118  RUN_ONCE_PROGRAM                                   isrt.obl(DebugSymbols.obs)
119  Reboot                                             Setup.obs
120  SELECTED_LANGUAGE                                  isrt.obl(DebugSymbols.obs)
121  SERVICE_IS_PARAMS                                  Setup.obs
122  SETUPTYPE_STR_COMPACT                              Setup.obs
123  SETUPTYPE_STR_COMPLETE                             Setup.obs
124  SETUPTYPE_STR_CUSTOM                               Setup.obs
125  SETUPTYPE_STR_TYPICAL                              Setup.obs
126  SHAREDSUPPORTDIR                                   isrt.obl(DebugSymbols.obs)
127  SHELLEXECUTEINFOW                                  Setup.obs
128  SHELL_OBJECT_FOLDER                                Setup.obs
129  SHOW_PASSWORD_DIALOG                               isrt.obl(DebugSymbols.obs)
130  SRCDIR                                             Setup.obs
131  SRCDISK                                            isrt.obl(DebugSymbols.obs)
132  STANDARD_SELECTED_LANGUAGE                         isrt.obl(DebugSymbols.obs)
133  STARTUPINFOW                                       Setup.obs
134  SUITE_HOSTED                                       isrt.obl(DebugSymbols.obs)
135  SUPPORTDIR                                         isrt.obl(DebugSymbols.obs)
136  SYSINFO                                            Setup.obs
137  SYSPROCESSORINFO                                   Setup.obs
138  SYSTEMTIME                                         Setup.obs
139  SetupInfo                                          Setup.obs
140  StatusDlg                                          Setup.obs
141  SuiteHost                                          Setup.obs
142  TARGETDIR                                          Setup.obs
143  TARGETDISK                                         isrt.obl(DebugSymbols.obs)
144  TextSub                                            Setup.obs
145  UNINST                                             Setup.obs
146  UNINSTALLKEY                                       Setup.obs
147  UNINSTALL_DISPLAYNAME                              Setup.obs
148  UNINSTALL_STRING                                   Setup.obs
149  UPDATEMODE                                         Setup.obs
150  WINDIR                                             isrt.obl(DebugSymbols.obs)
151  WINDISK                                            isrt.obl(DebugSymbols.obs)
152  WINSYSDIR                                          isrt.obl(DebugSymbols.obs)
153  WINSYSDIR64                                        isrt.obl(DebugSymbols.obs)
154  WINSYSDISK                                         isrt.obl(DebugSymbols.obs)
155  _FONTFILEINFO                                      Setup.obs
156  _INT64                                             Setup.obs
157  _ISDIFXINSTALLERINFO                               isrt.obl(ISDIFx.obs)
158  _LAAW_PARAMETERS                                   Setup.obs
159  _LAAW_TEMP_DATA                                    isrt.obl(Extend.obs)
160  _RESTOREPOINTINFO                                  Setup.obs
161  _SERVICE_IS_PARAMS                                 Setup.obs
162  _STATEMGRSTATUS                                    Setup.obs
163  _WIN9X                                             Setup.obs
164  _WINNT                                             Setup.obs
165  __hContext                                         Setup.obs
166  __objGlobalTextSub                                 Setup.obs
167  __szGUID                                           Setup.obs
168  bBackButton                                        Setup.obs
169  bCancelButton                                      Setup.obs
170  bEnterDiskBeep                                     Setup.obs
171  bFinishButton                                      Setup.obs
172  bIFXLFNoToAll                                      Setup.obs
173  bIFXLFOnRebootToAll                                Setup.obs
174  bIFXLFYesToAll                                     Setup.obs
175  bIFXMD5IgnoreToAll                                 Setup.obs
176  bIFXRONoToAll                                      Setup.obs
177  bIFXROYesToAll                                     Setup.obs
178  bIFXSFNoToAll                                      Setup.obs
179  bIFXSFYesToAll                                     Setup.obs
180  bInstall16                                         Setup.obs
181  bNextButton                                        Setup.obs
182  bSdInit                                            Setup.obs
183  bViewCmptKunits                                    Setup.obs
184  bViewCmptUseDecimal                                Setup.obs
185  g_bSuppressMissingStringWarning                    isrt.obl(Enable.obs)
186  nDlgEnterPassword                                  Setup.obs
187  nDlgMessageBox                                     Setup.obs
188  nDlgSelectDir                                      Setup.obs
189  nDlgSprintfBox                                     Setup.obs
190  nSdComponentTree                                   Setup.obs
191  nSdFinish                                          Setup.obs
192  nSdFinishReboot                                    Setup.obs
193  nSdWelcome                                         Setup.obs
194  nSdWelcomeMaint                                    Setup.obs
195  szAppKey                                           Setup.obs
196  szSdProduct                                        Setup.obs
197  szSdStr_NotEnoughSpace                             Setup.obs
